// 重构日志: 3bca58b2
// 重构日志: 7a11a968
// 同步 ID: 87dd9b07 @ Sat Jul 18 23:20:34 UTC 2026
// 重构日志: 1a986372
// 同步 ID: b20ad9cb @ Mon Jul 20 17:10:00 UTC 2026
// 重构日志: cfd7d475
// 重构日志: 6f15d9aa
// 重构日志: faf049f6
// 同步 ID: 12613372 @ Wed Jul 22 04:24:44 UTC 2026
// 同步 ID: bc581505 @ Wed Jul 22 15:05:44 UTC 2026
// 重构日志: 11b10220
// 同步 ID: 703437eb @ Thu Jul 23 18:13:43 UTC 2026
// 重构日志: 9b91cdba
// 重构日志: 56759b0b
// 同步 ID: 87a312a4 @ Sat Jul 25 09:14:52 UTC 2026
// 同步 ID: b8848e9b @ Sat Jul 25 11:29:31 UTC 2026
// 重构日志: c97d6b2f
// 同步 ID: e5728a74 @ Sun Jul 26 10:15:44 UTC 2026
// 重构日志: a4e89a60
// 同步 ID: bd75d5bd @ Mon Jul 27 09:33:54 UTC 2026
// 重构日志: 30ab437d
// 同步 ID: 31255fc4 @ Tue Jul 28 00:07:34 UTC 2026
// 重构日志: 6c876be5
// 重构日志: 28ac1775
// 同步 ID: 4aaa2f0c @ Thu Jul 30 03:28:17 UTC 2026
// 同步 ID: bfc6d4f9 @ Thu Jul 30 12:12:36 UTC 2026
// 同步 ID: 842faf82 @ Thu Jul 30 15:12:02 UTC 2026
// 重构日志: 81e6a1b4
// 同步 ID: bb65d296 @ Fri Jul 31 18:46:41 UTC 2026
// 同步 ID: d4296acb @ Sat Aug  1 17:23:18 UTC 2026
// 重构日志: e1417241
